
R version 4.0.0 (2020-04-24) -- "Arbor Day"
Copyright (C) 2020 The R Foundation for Statistical Computing
Platform: x86_64-apple-darwin17.0 (64-bit)

R is free software and comes with ABSOLUTELY NO WARRANTY.
You are welcome to redistribute it under certain conditions.
Type 'license()' or 'licence()' for distribution details.

  Natural language support but running in an English locale

R is a collaborative project with many contributors.
Type 'contributors()' for more information and
'citation()' on how to cite R or R packages in publications.

Type 'demo()' for some demos, 'help()' for on-line help, or
'help.start()' for an HTML browser interface to help.
Type 'q()' to quit R.

During startup - Warning messages:
1: Setting LC_CTYPE failed, using "C" 
2: Setting LC_COLLATE failed, using "C" 
3: Setting LC_TIME failed, using "C" 
4: Setting LC_MESSAGES failed, using "C" 
5: Setting LC_MONETARY failed, using "C" 
[R.app GUI 1.71 (7827) x86_64-apple-darwin17.0]

WARNING: You're using a non-UTF8 locale, therefore only ASCII characters will work.
Please read R for Mac OS X FAQ (see Help) section 9 and adjust your system preferences accordingly.
> getwd()
[1] "/Users/cv"
objc[698]: Class FIFinderSyncExtensionHost is implemented in both /System/Library/PrivateFrameworks/FinderKit.framework/Versions/A/FinderKit (0x7fffb3ac6c90) and /System/Library/PrivateFrameworks/FileProvider.framework/OverrideBundles/FinderSyncCollaborationFileProviderOverride.bundle/Contents/MacOS/FinderSyncCollaborationFileProviderOverride (0x11403dcd8). One of the two will be used. Which one is undefined.
> getwd()
[1] "/Users/cv/Desktop/R programming"
> ls()
character(0)
> "hw1_data.csv"
[1] "hw1_data.csv"
> getwd()
[1] "/Users/cv/Desktop/R programming"
> read.csv("hw1_data.csv")
    Ozone Solar.R Wind Temp Month Day
1      41     190  7.4   67     5   1
2      36     118  8.0   72     5   2
3      12     149 12.6   74     5   3
4      18     313 11.5   62     5   4
5      NA      NA 14.3   56     5   5
6      28      NA 14.9   66     5   6
7      23     299  8.6   65     5   7
8      19      99 13.8   59     5   8
9       8      19 20.1   61     5   9
10     NA     194  8.6   69     5  10
11      7      NA  6.9   74     5  11
12     16     256  9.7   69     5  12
13     11     290  9.2   66     5  13
14     14     274 10.9   68     5  14
15     18      65 13.2   58     5  15
16     14     334 11.5   64     5  16
17     34     307 12.0   66     5  17
18      6      78 18.4   57     5  18
19     30     322 11.5   68     5  19
20     11      44  9.7   62     5  20
21      1       8  9.7   59     5  21
22     11     320 16.6   73     5  22
23      4      25  9.7   61     5  23
24     32      92 12.0   61     5  24
25     NA      66 16.6   57     5  25
26     NA     266 14.9   58     5  26
27     NA      NA  8.0   57     5  27
28     23      13 12.0   67     5  28
29     45     252 14.9   81     5  29
30    115     223  5.7   79     5  30
31     37     279  7.4   76     5  31
32     NA     286  8.6   78     6   1
33     NA     287  9.7   74     6   2
34     NA     242 16.1   67     6   3
35     NA     186  9.2   84     6   4
36     NA     220  8.6   85     6   5
37     NA     264 14.3   79     6   6
38     29     127  9.7   82     6   7
39     NA     273  6.9   87     6   8
40     71     291 13.8   90     6   9
41     39     323 11.5   87     6  10
42     NA     259 10.9   93     6  11
43     NA     250  9.2   92     6  12
44     23     148  8.0   82     6  13
45     NA     332 13.8   80     6  14
46     NA     322 11.5   79     6  15
47     21     191 14.9   77     6  16
48     37     284 20.7   72     6  17
49     20      37  9.2   65     6  18
50     12     120 11.5   73     6  19
51     13     137 10.3   76     6  20
52     NA     150  6.3   77     6  21
53     NA      59  1.7   76     6  22
54     NA      91  4.6   76     6  23
55     NA     250  6.3   76     6  24
56     NA     135  8.0   75     6  25
57     NA     127  8.0   78     6  26
58     NA      47 10.3   73     6  27
59     NA      98 11.5   80     6  28
60     NA      31 14.9   77     6  29
61     NA     138  8.0   83     6  30
62    135     269  4.1   84     7   1
63     49     248  9.2   85     7   2
64     32     236  9.2   81     7   3
65     NA     101 10.9   84     7   4
66     64     175  4.6   83     7   5
67     40     314 10.9   83     7   6
68     77     276  5.1   88     7   7
69     97     267  6.3   92     7   8
70     97     272  5.7   92     7   9
71     85     175  7.4   89     7  10
72     NA     139  8.6   82     7  11
73     10     264 14.3   73     7  12
74     27     175 14.9   81     7  13
75     NA     291 14.9   91     7  14
76      7      48 14.3   80     7  15
77     48     260  6.9   81     7  16
78     35     274 10.3   82     7  17
79     61     285  6.3   84     7  18
80     79     187  5.1   87     7  19
81     63     220 11.5   85     7  20
82     16       7  6.9   74     7  21
83     NA     258  9.7   81     7  22
84     NA     295 11.5   82     7  23
85     80     294  8.6   86     7  24
86    108     223  8.0   85     7  25
87     20      81  8.6   82     7  26
88     52      82 12.0   86     7  27
89     82     213  7.4   88     7  28
90     50     275  7.4   86     7  29
91     64     253  7.4   83     7  30
92     59     254  9.2   81     7  31
93     39      83  6.9   81     8   1
94      9      24 13.8   81     8   2
95     16      77  7.4   82     8   3
96     78      NA  6.9   86     8   4
97     35      NA  7.4   85     8   5
98     66      NA  4.6   87     8   6
99    122     255  4.0   89     8   7
100    89     229 10.3   90     8   8
101   110     207  8.0   90     8   9
102    NA     222  8.6   92     8  10
103    NA     137 11.5   86     8  11
104    44     192 11.5   86     8  12
105    28     273 11.5   82     8  13
106    65     157  9.7   80     8  14
107    NA      64 11.5   79     8  15
108    22      71 10.3   77     8  16
109    59      51  6.3   79     8  17
110    23     115  7.4   76     8  18
111    31     244 10.9   78     8  19
112    44     190 10.3   78     8  20
113    21     259 15.5   77     8  21
114     9      36 14.3   72     8  22
115    NA     255 12.6   75     8  23
116    45     212  9.7   79     8  24
117   168     238  3.4   81     8  25
118    73     215  8.0   86     8  26
119    NA     153  5.7   88     8  27
120    76     203  9.7   97     8  28
121   118     225  2.3   94     8  29
122    84     237  6.3   96     8  30
123    85     188  6.3   94     8  31
124    96     167  6.9   91     9   1
125    78     197  5.1   92     9   2
126    73     183  2.8   93     9   3
127    91     189  4.6   93     9   4
128    47      95  7.4   87     9   5
129    32      92 15.5   84     9   6
130    20     252 10.9   80     9   7
131    23     220 10.3   78     9   8
132    21     230 10.9   75     9   9
133    24     259  9.7   73     9  10
134    44     236 14.9   81     9  11
135    21     259 15.5   76     9  12
136    28     238  6.3   77     9  13
137     9      24 10.9   71     9  14
138    13     112 11.5   71     9  15
139    46     237  6.9   78     9  16
140    18     224 13.8   67     9  17
141    13      27 10.3   76     9  18
142    24     238 10.3   68     9  19
143    16     201  8.0   82     9  20
144    13     238 12.6   64     9  21
145    23      14  9.2   71     9  22
146    36     139 10.3   81     9  23
147     7      49 10.3   69     9  24
148    14      20 16.6   63     9  25
149    30     193  6.9   70     9  26
150    NA     145 13.2   77     9  27
151    14     191 14.3   75     9  28
152    18     131  8.0   76     9  29
153    20     223 11.5   68     9  30
> data = read.csv("hw1_data.csv")
> data <- read.csv("hw1_data.csv")
> data[1:2]
    Ozone Solar.R
1      41     190
2      36     118
3      12     149
4      18     313
5      NA      NA
6      28      NA
7      23     299
8      19      99
9       8      19
10     NA     194
11      7      NA
12     16     256
13     11     290
14     14     274
15     18      65
16     14     334
17     34     307
18      6      78
19     30     322
20     11      44
21      1       8
22     11     320
23      4      25
24     32      92
25     NA      66
26     NA     266
27     NA      NA
28     23      13
29     45     252
30    115     223
31     37     279
32     NA     286
33     NA     287
34     NA     242
35     NA     186
36     NA     220
37     NA     264
38     29     127
39     NA     273
40     71     291
41     39     323
42     NA     259
43     NA     250
44     23     148
45     NA     332
46     NA     322
47     21     191
48     37     284
49     20      37
50     12     120
51     13     137
52     NA     150
53     NA      59
54     NA      91
55     NA     250
56     NA     135
57     NA     127
58     NA      47
59     NA      98
60     NA      31
61     NA     138
62    135     269
63     49     248
64     32     236
65     NA     101
66     64     175
67     40     314
68     77     276
69     97     267
70     97     272
71     85     175
72     NA     139
73     10     264
74     27     175
75     NA     291
76      7      48
77     48     260
78     35     274
79     61     285
80     79     187
81     63     220
82     16       7
83     NA     258
84     NA     295
85     80     294
86    108     223
87     20      81
88     52      82
89     82     213
90     50     275
91     64     253
92     59     254
93     39      83
94      9      24
95     16      77
96     78      NA
97     35      NA
98     66      NA
99    122     255
100    89     229
101   110     207
102    NA     222
103    NA     137
104    44     192
105    28     273
106    65     157
107    NA      64
108    22      71
109    59      51
110    23     115
111    31     244
112    44     190
113    21     259
114     9      36
115    NA     255
116    45     212
117   168     238
118    73     215
119    NA     153
120    76     203
121   118     225
122    84     237
123    85     188
124    96     167
125    78     197
126    73     183
127    91     189
128    47      95
129    32      92
130    20     252
131    23     220
132    21     230
133    24     259
134    44     236
135    21     259
136    28     238
137     9      24
138    13     112
139    46     237
140    18     224
141    13      27
142    24     238
143    16     201
144    13     238
145    23      14
146    36     139
147     7      49
148    14      20
149    30     193
150    NA     145
151    14     191
152    18     131
153    20     223
> dim(data)
[1] 153   6
> dim(data) <- c(2,5)
Error in dim(data) <- c(2, 5) : 
  dims [product 10] do not match the length of object [6]
> data(2,5)
Warning messages:
1: In data(2, 5) : data set '2' not found
2: In data(2, 5) : data set '5' not found
> data[1,5]
[1] 5
> data[[2,5]]
[1] 5
> data[47,1]
[1] 21
> is.na(data)
       Ozone Solar.R  Wind  Temp Month   Day
  [1,] FALSE   FALSE FALSE FALSE FALSE FALSE
  [2,] FALSE   FALSE FALSE FALSE FALSE FALSE
  [3,] FALSE   FALSE FALSE FALSE FALSE FALSE
  [4,] FALSE   FALSE FALSE FALSE FALSE FALSE
  [5,]  TRUE    TRUE FALSE FALSE FALSE FALSE
  [6,] FALSE    TRUE FALSE FALSE FALSE FALSE
  [7,] FALSE   FALSE FALSE FALSE FALSE FALSE
  [8,] FALSE   FALSE FALSE FALSE FALSE FALSE
  [9,] FALSE   FALSE FALSE FALSE FALSE FALSE
 [10,]  TRUE   FALSE FALSE FALSE FALSE FALSE
 [11,] FALSE    TRUE FALSE FALSE FALSE FALSE
 [12,] FALSE   FALSE FALSE FALSE FALSE FALSE
 [13,] FALSE   FALSE FALSE FALSE FALSE FALSE
 [14,] FALSE   FALSE FALSE FALSE FALSE FALSE
 [15,] FALSE   FALSE FALSE FALSE FALSE FALSE
 [16,] FALSE   FALSE FALSE FALSE FALSE FALSE
 [17,] FALSE   FALSE FALSE FALSE FALSE FALSE
 [18,] FALSE   FALSE FALSE FALSE FALSE FALSE
 [19,] FALSE   FALSE FALSE FALSE FALSE FALSE
 [20,] FALSE   FALSE FALSE FALSE FALSE FALSE
 [21,] FALSE   FALSE FALSE FALSE FALSE FALSE
 [22,] FALSE   FALSE FALSE FALSE FALSE FALSE
 [23,] FALSE   FALSE FALSE FALSE FALSE FALSE
 [24,] FALSE   FALSE FALSE FALSE FALSE FALSE
 [25,]  TRUE   FALSE FALSE FALSE FALSE FALSE
 [26,]  TRUE   FALSE FALSE FALSE FALSE FALSE
 [27,]  TRUE    TRUE FALSE FALSE FALSE FALSE
 [28,] FALSE   FALSE FALSE FALSE FALSE FALSE
 [29,] FALSE   FALSE FALSE FALSE FALSE FALSE
 [30,] FALSE   FALSE FALSE FALSE FALSE FALSE
 [31,] FALSE   FALSE FALSE FALSE FALSE FALSE
 [32,]  TRUE   FALSE FALSE FALSE FALSE FALSE
 [33,]  TRUE   FALSE FALSE FALSE FALSE FALSE
 [34,]  TRUE   FALSE FALSE FALSE FALSE FALSE
 [35,]  TRUE   FALSE FALSE FALSE FALSE FALSE
 [36,]  TRUE   FALSE FALSE FALSE FALSE FALSE
 [37,]  TRUE   FALSE FALSE FALSE FALSE FALSE
 [38,] FALSE   FALSE FALSE FALSE FALSE FALSE
 [39,]  TRUE   FALSE FALSE FALSE FALSE FALSE
 [40,] FALSE   FALSE FALSE FALSE FALSE FALSE
 [41,] FALSE   FALSE FALSE FALSE FALSE FALSE
 [42,]  TRUE   FALSE FALSE FALSE FALSE FALSE
 [43,]  TRUE   FALSE FALSE FALSE FALSE FALSE
 [44,] FALSE   FALSE FALSE FALSE FALSE FALSE
 [45,]  TRUE   FALSE FALSE FALSE FALSE FALSE
 [46,]  TRUE   FALSE FALSE FALSE FALSE FALSE
 [47,] FALSE   FALSE FALSE FALSE FALSE FALSE
 [48,] FALSE   FALSE FALSE FALSE FALSE FALSE
 [49,] FALSE   FALSE FALSE FALSE FALSE FALSE
 [50,] FALSE   FALSE FALSE FALSE FALSE FALSE
 [51,] FALSE   FALSE FALSE FALSE FALSE FALSE
 [52,]  TRUE   FALSE FALSE FALSE FALSE FALSE
 [53,]  TRUE   FALSE FALSE FALSE FALSE FALSE
 [54,]  TRUE   FALSE FALSE FALSE FALSE FALSE
 [55,]  TRUE   FALSE FALSE FALSE FALSE FALSE
 [56,]  TRUE   FALSE FALSE FALSE FALSE FALSE
 [57,]  TRUE   FALSE FALSE FALSE FALSE FALSE
 [58,]  TRUE   FALSE FALSE FALSE FALSE FALSE
 [59,]  TRUE   FALSE FALSE FALSE FALSE FALSE
 [60,]  TRUE   FALSE FALSE FALSE FALSE FALSE
 [61,]  TRUE   FALSE FALSE FALSE FALSE FALSE
 [62,] FALSE   FALSE FALSE FALSE FALSE FALSE
 [63,] FALSE   FALSE FALSE FALSE FALSE FALSE
 [64,] FALSE   FALSE FALSE FALSE FALSE FALSE
 [65,]  TRUE   FALSE FALSE FALSE FALSE FALSE
 [66,] FALSE   FALSE FALSE FALSE FALSE FALSE
 [67,] FALSE   FALSE FALSE FALSE FALSE FALSE
 [68,] FALSE   FALSE FALSE FALSE FALSE FALSE
 [69,] FALSE   FALSE FALSE FALSE FALSE FALSE
 [70,] FALSE   FALSE FALSE FALSE FALSE FALSE
 [71,] FALSE   FALSE FALSE FALSE FALSE FALSE
 [72,]  TRUE   FALSE FALSE FALSE FALSE FALSE
 [73,] FALSE   FALSE FALSE FALSE FALSE FALSE
 [74,] FALSE   FALSE FALSE FALSE FALSE FALSE
 [75,]  TRUE   FALSE FALSE FALSE FALSE FALSE
 [76,] FALSE   FALSE FALSE FALSE FALSE FALSE
 [77,] FALSE   FALSE FALSE FALSE FALSE FALSE
 [78,] FALSE   FALSE FALSE FALSE FALSE FALSE
 [79,] FALSE   FALSE FALSE FALSE FALSE FALSE
 [80,] FALSE   FALSE FALSE FALSE FALSE FALSE
 [81,] FALSE   FALSE FALSE FALSE FALSE FALSE
 [82,] FALSE   FALSE FALSE FALSE FALSE FALSE
 [83,]  TRUE   FALSE FALSE FALSE FALSE FALSE
 [84,]  TRUE   FALSE FALSE FALSE FALSE FALSE
 [85,] FALSE   FALSE FALSE FALSE FALSE FALSE
 [86,] FALSE   FALSE FALSE FALSE FALSE FALSE
 [87,] FALSE   FALSE FALSE FALSE FALSE FALSE
 [88,] FALSE   FALSE FALSE FALSE FALSE FALSE
 [89,] FALSE   FALSE FALSE FALSE FALSE FALSE
 [90,] FALSE   FALSE FALSE FALSE FALSE FALSE
 [91,] FALSE   FALSE FALSE FALSE FALSE FALSE
 [92,] FALSE   FALSE FALSE FALSE FALSE FALSE
 [93,] FALSE   FALSE FALSE FALSE FALSE FALSE
 [94,] FALSE   FALSE FALSE FALSE FALSE FALSE
 [95,] FALSE   FALSE FALSE FALSE FALSE FALSE
 [96,] FALSE    TRUE FALSE FALSE FALSE FALSE
 [97,] FALSE    TRUE FALSE FALSE FALSE FALSE
 [98,] FALSE    TRUE FALSE FALSE FALSE FALSE
 [99,] FALSE   FALSE FALSE FALSE FALSE FALSE
[100,] FALSE   FALSE FALSE FALSE FALSE FALSE
[101,] FALSE   FALSE FALSE FALSE FALSE FALSE
[102,]  TRUE   FALSE FALSE FALSE FALSE FALSE
[103,]  TRUE   FALSE FALSE FALSE FALSE FALSE
[104,] FALSE   FALSE FALSE FALSE FALSE FALSE
[105,] FALSE   FALSE FALSE FALSE FALSE FALSE
[106,] FALSE   FALSE FALSE FALSE FALSE FALSE
[107,]  TRUE   FALSE FALSE FALSE FALSE FALSE
[108,] FALSE   FALSE FALSE FALSE FALSE FALSE
[109,] FALSE   FALSE FALSE FALSE FALSE FALSE
[110,] FALSE   FALSE FALSE FALSE FALSE FALSE
[111,] FALSE   FALSE FALSE FALSE FALSE FALSE
[112,] FALSE   FALSE FALSE FALSE FALSE FALSE
[113,] FALSE   FALSE FALSE FALSE FALSE FALSE
[114,] FALSE   FALSE FALSE FALSE FALSE FALSE
[115,]  TRUE   FALSE FALSE FALSE FALSE FALSE
[116,] FALSE   FALSE FALSE FALSE FALSE FALSE
[117,] FALSE   FALSE FALSE FALSE FALSE FALSE
[118,] FALSE   FALSE FALSE FALSE FALSE FALSE
[119,]  TRUE   FALSE FALSE FALSE FALSE FALSE
[120,] FALSE   FALSE FALSE FALSE FALSE FALSE
[121,] FALSE   FALSE FALSE FALSE FALSE FALSE
[122,] FALSE   FALSE FALSE FALSE FALSE FALSE
[123,] FALSE   FALSE FALSE FALSE FALSE FALSE
[124,] FALSE   FALSE FALSE FALSE FALSE FALSE
[125,] FALSE   FALSE FALSE FALSE FALSE FALSE
[126,] FALSE   FALSE FALSE FALSE FALSE FALSE
[127,] FALSE   FALSE FALSE FALSE FALSE FALSE
[128,] FALSE   FALSE FALSE FALSE FALSE FALSE
[129,] FALSE   FALSE FALSE FALSE FALSE FALSE
[130,] FALSE   FALSE FALSE FALSE FALSE FALSE
[131,] FALSE   FALSE FALSE FALSE FALSE FALSE
[132,] FALSE   FALSE FALSE FALSE FALSE FALSE
[133,] FALSE   FALSE FALSE FALSE FALSE FALSE
[134,] FALSE   FALSE FALSE FALSE FALSE FALSE
[135,] FALSE   FALSE FALSE FALSE FALSE FALSE
[136,] FALSE   FALSE FALSE FALSE FALSE FALSE
[137,] FALSE   FALSE FALSE FALSE FALSE FALSE
[138,] FALSE   FALSE FALSE FALSE FALSE FALSE
[139,] FALSE   FALSE FALSE FALSE FALSE FALSE
[140,] FALSE   FALSE FALSE FALSE FALSE FALSE
[141,] FALSE   FALSE FALSE FALSE FALSE FALSE
[142,] FALSE   FALSE FALSE FALSE FALSE FALSE
[143,] FALSE   FALSE FALSE FALSE FALSE FALSE
[144,] FALSE   FALSE FALSE FALSE FALSE FALSE
[145,] FALSE   FALSE FALSE FALSE FALSE FALSE
[146,] FALSE   FALSE FALSE FALSE FALSE FALSE
[147,] FALSE   FALSE FALSE FALSE FALSE FALSE
[148,] FALSE   FALSE FALSE FALSE FALSE FALSE
[149,] FALSE   FALSE FALSE FALSE FALSE FALSE
[150,]  TRUE   FALSE FALSE FALSE FALSE FALSE
[151,] FALSE   FALSE FALSE FALSE FALSE FALSE
[152,] FALSE   FALSE FALSE FALSE FALSE FALSE
[153,] FALSE   FALSE FALSE FALSE FALSE FALSE
> table(is.na(data))

FALSE  TRUE 
  874    44 
> table(is.na(data[1]))

FALSE  TRUE 
  116    37 
> result.mean <- mean(data[1], na.rm = TRUE)
Warning message:
In mean.default(data[1], na.rm = TRUE) :
  argument is not numeric or logical: returning NA
> class(data$Ozone)
[1] "integer"
> mean(data$Ozone, na.rm = TRUE)
[1] 42.12931
> data[data$Ozone > 31 and data$Temp > 90]
Error: unexpected symbol in "data[data$Ozone > 31 and"
> data[data$Ozone > 31][data$Temp > 90]
Error in `[.data.frame`(data, data$Ozone > 31) : 
  undefined columns selected
> second_data %>% filter(data$Ozone > 31, data$Temp > 90])
Error: unexpected ']' in "second_data %>% filter(data$Ozone > 31, data$Temp > 90]"
> second_data %>% filter(data$Ozone > 31, data$Temp > 90)
Error in second_data %>% filter(data$Ozone > 31, data$Temp > 90) : 
  could not find function "%>%"
> library(tidyverse)
Error in library(tidyverse) : there is no package called 'tidyverse'
> second_data <- subset(data, Ozone > 31 & Temp > 90, select = c("Solar.R"))
> View(second(data))
Error in second(data) : could not find function "second"
> View(second_data)
Error in View(second_data) : X11 dataentry cannot be loaded
In addition: Warning messages:
1: In system2("/usr/bin/otool", c("-L", shQuote(DSO)), stdout = TRUE) :
  running command ''/usr/bin/otool' -L '/Library/Frameworks/R.framework/Resources/modules/R_de.so'' had status 1
2: In View(second_data) :
  unable to load shared object '/Library/Frameworks/R.framework/Resources/modules//R_de.so':
  dlopen(/Library/Frameworks/R.framework/Resources/modules//R_de.so, 6): Library not loaded: /opt/X11/lib/libSM.6.dylib
  Referenced from: /Library/Frameworks/R.framework/Resources/modules//R_de.so
  Reason: image not found
xcode-select: note: no developer tools were found at '/Applications/Xcode.app', requesting install. Choose an option in the dialog to download the command line developer tools.
> second_data
    Solar.R
69      267
70      272
120     203
121     225
122     237
123     188
124     167
125     197
126     183
127     189
> mean1 <- mean(second_data)
Warning message:
In mean.default(second_data) :
  argument is not numeric or logical: returning NA
> mean1 <- mean(second_data, na.rm = TRUE)
Warning message:
In mean.default(second_data, na.rm = TRUE) :
  argument is not numeric or logical: returning NA
> mean1 <- mean(second_data$Solar.R)
> mean1
[1] 212.8
> third_data <- subset(data, Month = 6, select = c("Temp"))
> mean3 <- mean(third_data$Temp)
> mean3
[1] 77.88235
> third_data <- subset(data, Month == 6, select = c("Temp"))
> mean3 <- mean(third_data$Temp)
> mean3
[1] 79.1
> mean3 <- mean(third_data$Temp, na.rm = TRUE)
> mean3
[1] 79.1
> fourth_data <- subset(data, Month = 5, select = c("Ozone"))
> max1 <- max(fourth_data$Ozone, na.rm = TRUE)
> max1
[1] 168
> fourth_data <- subset(data, Month == 5, select = c("Ozone"))
> max1 <- max(fourth_data$Ozone, na.rm = TRUE)
> max1
[1] 115
> x <- 1:4
> y <- 2:3
> x + y
[1] 3 5 5 7
> y <- 2
> x + y
[1] 3 4 5 6
> install.packages("swirl")
--- Please select a CRAN mirror for use in this session ---
Error in if (res > nrow(m)) { : argument is of length zero
> install.packages("swirl")
--- Please select a CRAN mirror for use in this session ---
also installing the dependencies 'ps', 'processx', 'callr', 'prettyunits', 'backports', 'sys', 'assertthat', 'fansi', 'desc', 'pkgbuild', 'rprojroot', 'rstudioapi', 'askpass', 'glue', 'magrittr', 'stringi', 'cli', 'crayon', 'ellipsis', 'evaluate', 'pkgload', 'praise', 'R6', 'rlang', 'withr', 'curl', 'jsonlite', 'mime', 'openssl', 'bitops', 'stringr', 'testthat', 'httr', 'yaml', 'RCurl', 'digest'

trying URL 'https://cloud.r-project.org/bin/macosx/contrib/4.0/ps_1.3.3.tgz'
Content type 'application/x-gzip' length 216748 bytes (211 KB)
==================================================
downloaded 211 KB

trying URL 'https://cloud.r-project.org/bin/macosx/contrib/4.0/processx_3.4.2.tgz'
Content type 'application/x-gzip' length 252447 bytes (246 KB)
==================================================
downloaded 246 KB

trying URL 'https://cloud.r-project.org/bin/macosx/contrib/4.0/callr_3.4.3.tgz'
Content type 'application/x-gzip' length 389420 bytes (380 KB)
==================================================
downloaded 380 KB

trying URL 'https://cloud.r-project.org/bin/macosx/contrib/4.0/prettyunits_1.1.1.tgz'
Content type 'application/x-gzip' length 34627 bytes (33 KB)
==================================================
downloaded 33 KB

trying URL 'https://cloud.r-project.org/bin/macosx/contrib/4.0/backports_1.1.7.tgz'
Content type 'application/x-gzip' length 69131 bytes (67 KB)
==================================================
downloaded 67 KB

trying URL 'https://cloud.r-project.org/bin/macosx/contrib/4.0/sys_3.3.tgz'
Content type 'application/x-gzip' length 47142 bytes (46 KB)
==================================================
downloaded 46 KB

trying URL 'https://cloud.r-project.org/bin/macosx/contrib/4.0/assertthat_0.2.1.tgz'
Content type 'application/x-gzip' length 52387 bytes (51 KB)
==================================================
downloaded 51 KB

trying URL 'https://cloud.r-project.org/bin/macosx/contrib/4.0/fansi_0.4.1.tgz'
Content type 'application/x-gzip' length 210335 bytes (205 KB)
==================================================
downloaded 205 KB

trying URL 'https://cloud.r-project.org/bin/macosx/contrib/4.0/desc_1.2.0.tgz'
Content type 'application/x-gzip' length 285956 bytes (279 KB)
==================================================
downloaded 279 KB

trying URL 'https://cloud.r-project.org/bin/macosx/contrib/4.0/pkgbuild_1.0.8.tgz'
Content type 'application/x-gzip' length 135747 bytes (132 KB)
==================================================
downloaded 132 KB

trying URL 'https://cloud.r-project.org/bin/macosx/contrib/4.0/rprojroot_1.3-2.tgz'
Content type 'application/x-gzip' length 78692 bytes (76 KB)
==================================================
downloaded 76 KB

trying URL 'https://cloud.r-project.org/bin/macosx/contrib/4.0/rstudioapi_0.11.tgz'
Content type 'application/x-gzip' length 256053 bytes (250 KB)
==================================================
downloaded 250 KB

trying URL 'https://cloud.r-project.org/bin/macosx/contrib/4.0/askpass_1.1.tgz'
Content type 'application/x-gzip' length 21453 bytes (20 KB)
==================================================
downloaded 20 KB

trying URL 'https://cloud.r-project.org/bin/macosx/contrib/4.0/glue_1.4.1.tgz'
Content type 'application/x-gzip' length 138323 bytes (135 KB)
==================================================
downloaded 135 KB

trying URL 'https://cloud.r-project.org/bin/macosx/contrib/4.0/magrittr_1.5.tgz'
Content type 'application/x-gzip' length 152671 bytes (149 KB)
==================================================
downloaded 149 KB

trying URL 'https://cloud.r-project.org/bin/macosx/contrib/4.0/stringi_1.4.6.tgz'
Content type 'application/x-gzip' length 13621300 bytes (13.0 MB)
==================================================
downloaded 13.0 MB

trying URL 'https://cloud.r-project.org/bin/macosx/contrib/4.0/cli_2.0.2.tgz'
Content type 'application/x-gzip' length 394166 bytes (384 KB)
==================================================
downloaded 384 KB

trying URL 'https://cloud.r-project.org/bin/macosx/contrib/4.0/crayon_1.3.4.tgz'
Content type 'application/x-gzip' length 748322 bytes (730 KB)
==================================================
downloaded 730 KB

trying URL 'https://cloud.r-project.org/bin/macosx/contrib/4.0/ellipsis_0.3.1.tgz'
Content type 'application/x-gzip' length 33342 bytes (32 KB)
==================================================
downloaded 32 KB

trying URL 'https://cloud.r-project.org/bin/macosx/contrib/4.0/evaluate_0.14.tgz'
Content type 'application/x-gzip' length 74165 bytes (72 KB)
==================================================
downloaded 72 KB

trying URL 'https://cloud.r-project.org/bin/macosx/contrib/4.0/pkgload_1.1.0.tgz'
Content type 'application/x-gzip' length 150025 bytes (146 KB)
==================================================
downloaded 146 KB

trying URL 'https://cloud.r-project.org/bin/macosx/contrib/4.0/praise_1.0.0.tgz'
Content type 'application/x-gzip' length 16129 bytes (15 KB)
==================================================
downloaded 15 KB

trying URL 'https://cloud.r-project.org/bin/macosx/contrib/4.0/R6_2.4.1.tgz'
Content type 'application/x-gzip' length 57289 bytes (55 KB)
==================================================
downloaded 55 KB

trying URL 'https://cloud.r-project.org/bin/macosx/contrib/4.0/rlang_0.4.6.tgz'
Content type 'application/x-gzip' length 1179877 bytes (1.1 MB)
==================================================
downloaded 1.1 MB

trying URL 'https://cloud.r-project.org/bin/macosx/contrib/4.0/withr_2.2.0.tgz'
Content type 'application/x-gzip' length 203935 bytes (199 KB)
==================================================
downloaded 199 KB

trying URL 'https://cloud.r-project.org/bin/macosx/contrib/4.0/curl_4.3.tgz'
Content type 'application/x-gzip' length 741037 bytes (723 KB)
==================================================
downloaded 723 KB

trying URL 'https://cloud.r-project.org/bin/macosx/contrib/4.0/jsonlite_1.6.1.tgz'
Content type 'application/x-gzip' length 1119817 bytes (1.1 MB)
==================================================
downloaded 1.1 MB

trying URL 'https://cloud.r-project.org/bin/macosx/contrib/4.0/mime_0.9.tgz'
Content type 'application/x-gzip' length 35285 bytes (34 KB)
==================================================
downloaded 34 KB

trying URL 'https://cloud.r-project.org/bin/macosx/contrib/4.0/openssl_1.4.1.tgz'
Content type 'application/x-gzip' length 2681139 bytes (2.6 MB)
==================================================
downloaded 2.6 MB

trying URL 'https://cloud.r-project.org/bin/macosx/contrib/4.0/bitops_1.0-6.tgz'
Content type 'application/x-gzip' length 24789 bytes (24 KB)
==================================================
downloaded 24 KB

trying URL 'https://cloud.r-project.org/bin/macosx/contrib/4.0/stringr_1.4.0.tgz'
Content type 'application/x-gzip' length 209717 bytes (204 KB)
==================================================
downloaded 204 KB

trying URL 'https://cloud.r-project.org/bin/macosx/contrib/4.0/testthat_2.3.2.tgz'
Content type 'application/x-gzip' length 2367904 bytes (2.3 MB)
==================================================
downloaded 2.3 MB

trying URL 'https://cloud.r-project.org/bin/macosx/contrib/4.0/httr_1.4.1.tgz'
Content type 'application/x-gzip' length 498103 bytes (486 KB)
==================================================
downloaded 486 KB

trying URL 'https://cloud.r-project.org/bin/macosx/contrib/4.0/yaml_2.2.1.tgz'
Content type 'application/x-gzip' length 202976 bytes (198 KB)
==================================================
downloaded 198 KB

trying URL 'https://cloud.r-project.org/bin/macosx/contrib/4.0/RCurl_1.98-1.2.tgz'
Content type 'application/x-gzip' length 1065742 bytes (1.0 MB)
==================================================
downloaded 1.0 MB

trying URL 'https://cloud.r-project.org/bin/macosx/contrib/4.0/digest_0.6.25.tgz'
Content type 'application/x-gzip' length 245723 bytes (239 KB)
==================================================
downloaded 239 KB

trying URL 'https://cloud.r-project.org/bin/macosx/contrib/4.0/swirl_2.4.5.tgz'
Content type 'application/x-gzip' length 346210 bytes (338 KB)
==================================================
downloaded 338 KB

tar: Failed to set default locale
tar: Failed to set default locale
tar: Failed to set default locale
tar: Failed to set default locale
tar: Failed to set default localetar: Failed to set default locale
tar: Failed to set default locale
tar: Failed to set default locale
tar: Failed to set default locale
tar: Failed to set default localetar: Failed to set default locale
tar: Failed to set default locale
tar: Failed to set default locale
tar: Failed to set default locale
tar: Failed to set default localetar: Failed to set default locale
tar: Failed to set default locale
tar: Failed to set default localetar: Failed to set default locale
tar: Failed to set default locale
tar: Failed to set default locale
tar: Failed to set default locale
tar: Failed to set default locale
tar: Failed to set default locale
tar: Failed to set default locale
tar: Failed to set default locale
tar: Failed to set default locale
tar: Failed to set default locale
tar: Failed to set default locale
tar: Failed to set default locale
tar: Failed to set default locale
tar: Failed to set default locale
tar: Failed to set default locale
tar: Failed to set default locale
tar: Failed to set default locale
tar: Failed to set default locale
tar: Failed to set default locale

The downloaded binary packages are in
	/var/folders/4g/ng4z5bqx4tsdycsth07hm24w0000gn/T//RtmpfgNOAd/downloaded_packages
> packageVersion("swirl")
[1] '2.4.5'
> library(swirl)

| Hi! I see that you have some variables saved in your workspace. To keep
| things running smoothly, I recommend you clean up before starting swirl.

| Type ls() to see a list of the variables in your workspace. Then, type
| rm(list=ls()) to clear your workspace.

| Type swirl() when you are ready to begin.

> install_from_swirl("R Programming")
  |=====================================================================| 100%
Downloading: 46 MB        
| Course installed successfully!

> swirl()

| Welcome to swirl! Please sign in. If you've been here before, use the same
| name as you did then. If you are new, call yourself something unique.

What shall I call you? cv

| Thanks, cv. Let's cover a couple of quick housekeeping items before we begin
| our first lesson. First of all, you should know that when you see '...',
| that means you should press Enter when you are done reading and ready to
| continue.

...  <-- That's your cue to press Enter to continue

| Also, when you see 'ANSWER:', the R prompt (>), or when you are asked to
| select from a list, that means it's your turn to enter a response, then
| press Enter to continue.

Select 1, 2, or 3 and press Enter 

1: Continue.
2: Proceed.
3: Let's get going!

Selection: 1

| You can exit swirl and return to the R prompt (>) at any time by pressing
| the Esc key. If you are already at the prompt, type bye() to exit and save
| your progress. When you exit properly, you'll see a short message letting
| you know you've done so.

| When you are at the R prompt (>):
| -- Typing skip() allows you to skip the current question.
| -- Typing play() lets you experiment with R on your own; swirl will ignore
| what you do...
| -- UNTIL you type nxt() which will regain swirl's attention.
| -- Typing bye() causes swirl to exit. Your progress will be saved.
| -- Typing main() returns you to swirl's main menu.
| -- Typing info() displays these options again.

| Let's get started!

...

| Please choose a course, or type 0 to exit swirl.

1: R Programming
2: Take me to the swirl course repository!

Selection: 1

| Please choose a lesson, or type 0 to return to course menu.

 1: Basic Building Blocks      2: Workspace and Files     
 3: Sequences of Numbers       4: Vectors                 
 5: Missing Values             6: Subsetting Vectors      
 7: Matrices and Data Frames   8: Logic                   
 9: Functions                 10: lapply and sapply       
11: vapply and tapply         12: Looking at Data         
13: Simulation                14: Dates and Times         
15: Base Graphics             

Selection: 1
  |                                                                     |   0%

| In this lesson, we will explore some basic building blocks of the R
| programming language.

...
  |==                                                                   |   3%
| If at any point you'd like more information on a particular topic related to
| R, you can type help.start() at the prompt, which will open a menu of
| resources (either within RStudio or your default web browser, depending on
| your setup). Alternatively, a simple web search often yields the answer
| you're looking for.

...
  |====                                                                 |   5%
| In its simplest form, R can be used as an interactive calculator. Type 5 + 7
| and press Enter.

> 
> 5 + 7
[1] 12

| You got it!
  |=====                                                                |   8%
| R simply prints the result of 12 by default. However, R is a programming
| language and often the reason we use a programming language as opposed to a
| calculator is to automate some process or avoid unnecessary repetition.

...
  |=======                                                              |  11%
| In this case, we may want to use our result from above in a second
| calculation. Instead of retyping 5 + 7 every time we need it, we can just
| create a new variable that stores the result.

...
  |=========                                                            |  13%
| The way you assign a value to a variable in R is by using the assignment
| operator, which is just a 'less than' symbol followed by a 'minus' sign. It
| looks like this: <-

...
  |===========                                                          |  16%
| Think of the assignment operator as an arrow. You are assigning the value on
| the right side of the arrow to the variable name on the left side of the
| arrow.

...
  |=============                                                        |  18%
| To assign the result of 5 + 7 to a new variable called x, you type x <- 5 +
| 7. This can be read as 'x gets 5 plus 7'. Give it a try now.

> x <- 5 + 7

| Excellent job!
  |===============                                                      |  21%
| You'll notice that R did not print the result of 12 this time. When you use
| the assignment operator, R assumes that you don't want to see the result
| immediately, but rather that you intend to use the result for something else
| later on.

...
  |================                                                     |  24%
| To view the contents of the variable x, just type x and press Enter. Try it
| now.

> x
[1] 12

| You are doing so well!
  |==================                                                   |  26%
| Now, store the result of x - 3 in a new variable called y.

> y <- x - 3

| Excellent job!
  |====================                                                 |  29%
| What is the value of y? Type y to find out.

> y
[1] 9

| You're the best!
  |======================                                               |  32%
| Now, let's create a small collection of numbers called a vector. Any object
| that contains data is called a data structure and numeric vectors are the
| simplest type of data structure in R. In fact, even a single number is
| considered a vector of length one.

...
  |========================                                             |  34%
| The easiest way to create a vector is with the c() function, which stands
| for 'concatenate' or 'combine'. To create a vector containing the numbers
| 1.1, 9, and 3.14, type c(1.1, 9, 3.14). Try it now and store the result in a
| variable called z.

> c(1.1, 9, 3.14)
[1] 1.10 9.00 3.14

| Not quite! Try again. Or, type info() for more options.

| Inputting z <- c(1.1, 9, 3.14) will assign the vector (1.1, 9, 3.14) to a
| new variable called z. Including single spaces after the commas in the
| vector is not required, but helps make your code less cluttered and more
| readable.

> z <- c(1.1, 9, 3.14)

| That's a job well done!
  |=========================                                            |  37%
| Anytime you have questions about a particular function, you can access R's
| built-in help files via the `?` command. For example, if you want more
| information on the c() function, type ?c without the parentheses that
| normally follow a function name. Give it a try.

> ?c
starting httpd help server ... done

| Great job!
  |===========================                                          |  39%
| Type z to view its contents. Notice that there are no commas separating the
| values in the output.

> z
[1] 1.10 9.00 3.14

| You are quite good my friend!
  |=============================                                        |  42%
| You can combine vectors to make a new vector. Create a new vector that
| contains z, 555, then z again in that order. Don't assign this vector to a
| new variable, so that we can just see the result immediately.

> c(z, 555, z)
[1]   1.10   9.00   3.14 555.00   1.10   9.00   3.14

| All that hard work is paying off!
  |===============================                                      |  45%
| Numeric vectors can be used in arithmetic expressions. Type the following to
| see what happens: z * 2 + 100.

> z * 2 +100
[1] 102.20 118.00 106.28

| You are quite good my friend!
  |=================================                                    |  47%
| First, R multiplied each of the three elements in z by 2. Then it added 100
| to each element to get the result you see above.

...
  |==================================                                   |  50%
| Other common arithmetic operators are `+`, `-`, `/`, and `^` (where x^2
| means 'x squared'). To take the square root, use the sqrt() function and to
| take the absolute value, use the abs() function.

...
  |====================================                                 |  53%
| Take the square root of z - 1 and assign it to a new variable called
| my_sqrt.

> my_sqrt = sqrt(z-1)

| Not quite right, but keep trying. Or, type info() for more options.

| Assign the result of sqrt(z - 1) to a variable called my_sqrt.

> my_sqrt <- sqrt(z-1)

| Perseverance, that's the answer.
  |======================================                               |  55%
| Before we view the contents of the my_sqrt variable, what do you think it
| contains?

1: a single number (i.e a vector of length 1)
2: a vector of length 0 (i.e. an empty vector)
3: a vector of length 3

Selection: 3

| Excellent job!
  |========================================                             |  58%
| Print the contents of my_sqrt.

> my_sqrt
[1] 0.3162278 2.8284271 1.4628739

| You are really on a roll!
  |==========================================                           |  61%
| As you may have guessed, R first subtracted 1 from each element of z, then
| took the square root of each element. This leaves you with a vector of the
| same length as the original vector z.

...
  |============================================                         |  63%
| Now, create a new variable called my_div that gets the value of z divided by
| my_sqrt.

> my_div <- z/my_sqrt

| You got it!
  |=============================================                        |  66%
| Which statement do you think is true?

1: my_div is a single number (i.e a vector of length 1)
2: my_div is undefined
3: The first element of my_div is equal to the first element of z divided by the first element of my_sqrt, and so on...

Selection: 3

| Keep working like that and you'll get there!
  |===============================================                      |  68%
| Go ahead and print the contents of my_div.

> my_div
[1] 3.478505 3.181981 2.146460

| You are doing so well!
  |=================================================                    |  71%
| When given two vectors of the same length, R simply performs the specified
| arithmetic operation (`+`, `-`, `*`, etc.) element-by-element. If the
| vectors are of different lengths, R 'recycles' the shorter vector until it
| is the same length as the longer vector.

...
  |===================================================                  |  74%
| When we did z * 2 + 100 in our earlier example, z was a vector of length 3,
| but technically 2 and 100 are each vectors of length 1.

...
  |=====================================================                |  76%
| Behind the scenes, R is 'recycling' the 2 to make a vector of 2s and the 100
| to make a vector of 100s. In other words, when you ask R to compute z * 2 +
| 100, what it really computes is this: z * c(2, 2, 2) + c(100, 100, 100).

...
  |======================================================               |  79%
| To see another example of how this vector 'recycling' works, try adding c(1,
| 2, 3, 4) and c(0, 10). Don't worry about saving the result in a new
| variable.

> c(1, 2, 3, 4) + c(0, 10)
[1]  1 12  3 14

| Nice work!
  |========================================================             |  82%
| If the length of the shorter vector does not divide evenly into the length
| of the longer vector, R will still apply the 'recycling' method, but will
| throw a warning to let you know something fishy might be going on.

...
  |==========================================================           |  84%
| Try c(1, 2, 3, 4) + c(0, 10, 100) for an example.

> c(1, 2, 3, 4) + c(0, 10, 100)
[1]   1  12 103   4
Warning message:
In c(1, 2, 3, 4) + c(0, 10, 100) :
  longer object length is not a multiple of shorter object length

| You are quite good my friend!
  |============================================================         |  87%
| Before concluding this lesson, I'd like to show you a couple of time-saving
| tricks.

...
  |==============================================================       |  89%
| Earlier in the lesson, you computed z * 2 + 100. Let's pretend that you made
| a mistake and that you meant to add 1000 instead of 100. You could either
| re-type the expression, or...

...
  |================================================================     |  92%
| In many programming environments, the up arrow will cycle through previous
| commands. Try hitting the up arrow on your keyboard until you get to this
| command (z * 2 + 100), then change 100 to 1000 and hit Enter. If the up
| arrow doesn't work for you, just type the corrected command.

> z * 2 +1000
[1] 1002.20 1018.00 1006.28

| That's a job well done!
  |=================================================================    |  95%
| Finally, let's pretend you'd like to view the contents of a variable that
| you created earlier, but you can't seem to remember if you named it my_div
| or myDiv. You could try both and see what works, or...

...
  |===================================================================  |  97%
| You can type the first two letters of the variable name, then hit the Tab
| key (possibly more than once). Most programming environments will provide a
| list of variables that you've created that begin with 'my'. This is called
| auto-completion and can be quite handy when you have many variables in your
| workspace. Give it a try. (If auto-completion doesn't work for you, just
| type my_div and press Enter.)

> my_div
[1] 3.478505 3.181981 2.146460

| You got it right!
  |=====================================================================| 100%
| Would you like to receive credit for completing this course on Coursera.org?

1: No
2: Yes

Selection: 2
What is your email address? D190007@e.ntu.edu.sg
What is your assignment token? LIekmbOtF6mdfZId
Grade submission succeeded!

| You are doing so well!

| You've reached the end of this lesson! Returning to the main menu...

| Please choose a course, or type 0 to exit swirl.

1: R Programming
2: Take me to the swirl course repository!

Selection: 